// Vitest Snapshot v1, https://vitest.dev/guide/snapshot.html

exports[`ArtifactCard > matches its last-known rendered structure 1`] = `
<div>
  <a
    class="group relative block h-full w-full overflow-hidden"
    data-discover="true"
    href="/experience/1"
    style="background: linear-gradient(180deg, color-mix(in srgb, var(--surface) 100%, white 5%), var(--surface));"
  >
    <img
      alt="Ancient Human Finger Bone"
      class="h-full w-full object-contain transition-transform duration-500 group-hover:scale-105"
      fetchpriority="auto"
      loading="lazy"
      src="/images/1.png"
    />
  </a>
</div>
`;
